{"en":{"text":"Hello","variable":[["name"],0," has just entered the chat"],"plural":[["count"],[2,0,{"one":[-1," image"],"other":[-1," images"]}]],"select":[["friend","gender"],"Hello, Your friend ",0," is now online. ",[1,1,{"female":["She"],"male":["He"],"other":["They"]}]," added a new image to the system."],"selectordinal":[["place"],"You finished ",[3,0,{"one":[-1,"st"],"two":[-1,"nd"],"few":[-1,"rd"],"other":[-1,"th"]}],"!"],"fn":[["currentTime"],"It is now ",[4,0,"time"]," on ",[4,0,"date"]],"tags":[["b","dynamic"],"Wow formatJs allows ",[5,0,1," tags"]],"number":[["numCats"],"I have ",[4,0,"number"]," cats."],"percentage":[["value"],"You reached ",[4,0,"numberFmt","percent"]," of your goal!"],"money":[["amount"],"Buy now to save ",[4,0,"numberFmt","currency:GBP"]],"time":[["start"],"Sale begins ",[4,0,"time","short"]," at ",[4,0,"date","short"]],"integer":[["amount"],"The integer value of ",0," is ",[4,0,"numberFmt","integer"]]},"es":{"text":"Hola","variable":[["name"],0," acaba de entrar al chat"],"plural":[["count"],[2,0,{"one":[-1," imagen"],"other":[-1," imágenes"]}]],"select":[["friend","gender"],"Hola, Tu amigo ",0," ahora está en línea. ",[1,1,{"female":["She"],"male":["He"],"other":["They"]}]," agregó una nueva imagen al sistema."],"selectordinal":[["place"],"¡Terminaste en el ",[3,0,{"one":[-1,"er"],"two":[-1,"do"],"few":[-1,"ro"],"other":[-1,"to"]}]," lugar!"],"fn":[["currentTime"],"Son las ",[4,0,"time"]," del ",[4,0,"date"]],"tags":[["b","dynamic"],"Wow formatJs permite ",[5,0,1," etiquetas"]],"number":[["numCats"],"Tengo ",[4,0,"number"]," gatos."],"percentage":[["value"],"Has alcanzado el ",[4,0,"numberFmt","percent"]," de tu objetivo!"],"money":[["amount"],"Compra ahora para ahorrar ",[4,0,"numberFmt","currency:EUR"]],"time":[["start"],"La venta comienza ",[4,0,"time","short"]," el ",[4,0,"date","short"]],"integer":[["amount"],"El valor entero de ",0," es ",[4,0,"numberFmt","integer"]]},"fr":{"text":"Bonjour","variable":[["name"],0," vient d'entrer dans le chat"],"plural":[["count"],[2,0,{"one":[-1," image"],"other":[-1," images"]}]],"select":[["friend","gender"],"Bonjour, Votre ami ",0," est maintenant en ligne. ",[1,1,{"female":["She"],"male":["He"],"other":["They"]}]," a ajouté une nouvelle image au système."],"selectordinal":[["place"],"Vous avez terminé ",[3,0,{"one":[-1,"er"],"two":[-1,"ème"],"few":[-1,"ème"],"other":[-1,"ème"]}],"!"],"fn":[["currentTime"],"Il est maintenant ",[4,0,"time"]," le ",[4,0,"date"]],"tags":[["b","dynamic"],"Wow formatJs permet les ",[5,0,1," balises"]],"number":[["numCats"],"J'ai ",[4,0,"number"]," chats."],"percentage":[["value"],"Vous avez atteint ",[4,0,"numberFmt","percent"]," de votre objectif!"],"money":[["amount"],"Achetez maintenant pour économiser ",[4,0,"numberFmt","currency:EUR"]],"time":[["start"],"La vente commence ",[4,0,"time","short"]," le ",[4,0,"date","short"]],"integer":[["amount"],"La valeur entière de ",0," est ",[4,0,"numberFmt","integer"]]},"it":{"text":"Ciao","variable":[["name"],0," è appena entrato nella chat"],"plural":[["count"],[2,0,{"one":[-1," immagine"],"other":[-1," immagini"]}]],"select":[["friend","gender"],"Ciao, Il tuo amico ",0," è ora online. ",[1,1,{"female":["She"],"male":["He"],"other":["Loro"]}]," ha aggiunto una nuova immagine al sistema."],"selectordinal":[["place"],"Hai finito al ",[3,0,{"one":[-1,"°"],"other":[-1,"°"]}]," posto!"],"fn":[["currentTime"],"Sono le ",[4,0,"time"]," del ",[4,0,"date"]],"tags":[["b","dynamic"],"Wow formatJs permette ",[5,0,1," tag"]],"number":[["numCats"],"Ho ",[4,0,"number"]," gatti."],"percentage":[["value"],"Hai raggiunto il ",[4,0,"numberFmt","percent"]," del tuo obiettivo!"],"money":[["amount"],"Acquista ora per risparmiare ",[4,0,"numberFmt","currency:EUR"]],"time":[["start"],"La vendita inizia ",[4,0,"time","short"]," il ",[4,0,"date","short"]],"integer":[["amount"],"Il valore intero di ",0," è ",[4,0,"numberFmt","integer"]]},"de":{"text":"Hallo","variable":[["name"],0," ist gerade dem Chat beigetreten"],"plural":[["count"],[2,0,{"one":[-1," Bild"],"other":[-1," Bilder"]}]],"select":[["friend","gender"],"Hallo, Dein Freund ",0," ist jetzt online. ",[1,1,{"female":["She"],"male":["He"],"other":["They"]}]," hat ein neues Bild zum System hinzugefügt."],"selectordinal":[["place"],"Du hast den ",[3,0,{"other":[-1,"ten"]}]," Platz erreicht!"],"fn":[["currentTime"],"Es ist jetzt ",[4,0,"time"]," am ",[4,0,"date"]],"tags":[["b","dynamic"],"Wow, formatJs erlaubt ",[5,0,1," Tags"]],"number":[["numCats"],"Ich habe ",[4,0,"number"]," Katzen."],"percentage":[["value"],"Du hast ",[4,0,"numberFmt","percent"]," deines Ziels erreicht!"],"money":[["amount"],"Jetzt kaufen und ",[4,0,"numberFmt","currency:EUR"]," sparen"],"time":[["start"],"Der Verkauf beginnt ",[4,0,"time","short"]," am ",[4,0,"date","short"]],"integer":[["amount"],"Der Ganzzahlwert von ",0," ist ",[4,0,"numberFmt","integer"]]}}